// Jest Snapshot v1, https://goo.gl/fbAQLP

exports[`HomePage matches Homepage snapshot 1`] = `
<div
  className="homepage"
>
  <nav
    className="d-flex px-5 justify-content-between align-items-center homepage__nav"
  >
    <div
      className="container-fluid bg-color"
    >
      <a
        className="logo"
        href="/"
        onClick={[Function]}
      >
        SYMPLY BOOK ME
      </a>
    </div>
    <div
      className="d-flex homepage-links"
    >
      <a
        className="mr-4 btn btn-info"
        href="/signup"
        onClick={[Function]}
      >
        Register
      </a>
      <a
        className="btn btn-info"
        href="/signin"
        onClick={[Function]}
      >
        Login
      </a>
    </div>
  </nav>
  <main
    className="px-5 d-flex justify-content-start align-items-center homepage__main"
  >
    <div
      className="homepage__welcome_text"
    >
      <h1>
        Book a Lawyer for your affairs today
      </h1>
      <a
        className="btn btn-primary btn-lg"
        href="/signup"
        onClick={[Function]}
      >
        Register
      </a>
    </div>
  </main>
  <div
    style={
      Object {
        "backgroundColor": "#ADADAD",
        "fontSize": "15px",
        "padding": "10px",
        "textAlign": "center",
      }
    }
  >
     
    Symply Book Me Â©2021.
  </div>
</div>
`;
