// Jest Snapshot v1, https://goo.gl/fbAQLP

exports[`Appointments Should render Appointments 1`] = `ShallowWrapper {}`;
